[ 2026-09-18 11:57:03,087 ] 18 root - INFO - === Training pipeline started ===
[ 2026-09-18 11:57:03,087 ] 17 root - INFO - Entered the data ingestion component
[ 2026-09-18 11:57:03,101 ] 20 root - INFO - Read raw dataset with shape (8950, 18)
[ 2026-09-18 11:57:03,152 ] 34 root - INFO - Saved ingested data to artifacts\data\data.csv
[ 2026-09-18 11:57:03,227 ] 44 root - INFO - Train/test split complete
[ 2026-09-18 11:57:03,294 ] 55 root - INFO - Loaded train (7160, 14) and test (1790, 14) data
[ 2026-09-18 11:57:03,520 ] 73 root - INFO - Saved transformed train/test features
[ 2026-09-18 11:57:03,547 ] 18 root - INFO - Saved object to artifacts\models\preprocessor.pkl
[ 2026-09-18 11:57:03,547 ] 80 root - INFO - Saved preprocessor object to artifacts\models\preprocessor.pkl
[ 2026-09-18 11:57:03,578 ] 117 root - INFO - Loaded features with shape (7160, 14)
[ 2026-09-18 11:57:04,689 ] 36 root - INFO - k=3: silhouette=0.2310, davies_bouldin=1.5872
[ 2026-09-18 11:57:05,756 ] 36 root - INFO - k=4: silhouette=0.2219, davies_bouldin=1.6079
[ 2026-09-18 11:57:06,693 ] 36 root - INFO - k=5: silhouette=0.2136, davies_bouldin=1.6089
[ 2026-09-18 11:57:07,553 ] 36 root - INFO - k=6: silhouette=0.2027, davies_bouldin=1.5634
[ 2026-09-18 11:57:08,403 ] 36 root - INFO - k=7: silhouette=0.2101, davies_bouldin=1.4560
[ 2026-09-18 11:57:09,362 ] 36 root - INFO - k=8: silhouette=0.2082, davies_bouldin=1.4608
[ 2026-09-18 11:57:09,362 ] 40 root - INFO - Selected k=3 (silhouette=0.2310)
[ 2026-09-18 11:57:09,395 ] 18 root - INFO - Saved object to artifacts\models\cluster_model.pkl
[ 2026-09-18 11:57:09,395 ] 124 root - INFO - Saved cluster model to artifacts\models\cluster_model.pkl
[ 2026-09-18 11:57:09,403 ] 130 root - INFO - Saved cluster profiles to artifacts\models\cluster_profiles.json
[ 2026-09-18 11:57:09,403 ] 132 root - INFO -   Cluster 0 (n=2579): frequent cash-advance users
[ 2026-09-18 11:57:09,403 ] 132 root - INFO -   Cluster 1 (n=2498): high spenders
[ 2026-09-18 11:57:09,403 ] 132 root - INFO -   Cluster 2 (n=2083): average / mixed behavior
[ 2026-09-18 11:57:10,749 ] 106 root - INFO - Segment classifier held-out accuracy vs cluster labels: 0.9581
[ 2026-09-18 11:57:12,077 ] 18 root - INFO - Saved object to artifacts\models\model.pkl
[ 2026-09-18 11:57:12,078 ] 136 root - INFO - Saved segment classifier to artifacts\models\model.pkl
[ 2026-09-18 11:57:12,081 ] 31 root - INFO - === Training pipeline completed successfully ===
